src/types/index.ts(22,10): error TS1005: '>' expected.
src/types/index.ts(22,19): error TS1005: ')' expected.
src/types/index.ts(24,12): error TS1005: ';' expected.
src/types/index.ts(25,14): error TS1005: '>' expected.
src/types/index.ts(25,23): error TS1005: ';' expected.
src/types/index.ts(25,39): error TS1005: ';' expected.
src/types/index.ts(25,46): error TS1136: Property assignment expected.
src/types/index.ts(25,76): error TS1005: ';' expected.
src/types/index.ts(25,89): error TS1005: ';' expected.
src/types/index.ts(25,102): error TS1109: Expression expected.
src/types/index.ts(26,17): error TS1005: '>' expected.
src/types/index.ts(26,22): error TS1005: ';' expected.
src/types/index.ts(26,45): error TS1109: Expression expected.
src/types/index.ts(27,10): error TS1110: Type expected.
src/types/index.ts(28,14): error TS1005: ';' expected.
src/types/index.ts(28,44): error TS1005: ';' expected.
src/types/index.ts(28,51): error TS1136: Property assignment expected.
src/types/index.ts(28,66): error TS1128: Declaration or statement expected.
src/types/index.ts(28,67): error TS1109: Expression expected.
src/types/index.ts(30,13): error TS1003: Identifier expected.
src/types/index.ts(30,14): error TS1138: Parameter declaration expected.
src/types/index.ts(31,21): error TS1005: '>' expected.
src/types/index.ts(31,26): error TS1005: ';' expected.
src/types/index.ts(31,56): error TS1005: ';' expected.
src/types/index.ts(31,69): error TS1109: Expression expected.
src/types/index.ts(31,84): error TS1005: ',' expected.
src/types/index.ts(31,91): error TS1161: Unterminated regular expression literal.
src/types/index.ts(32,21): error TS1005: ';' expected.
src/types/index.ts(32,45): error TS1005: ';' expected.
src/types/index.ts(32,61): error TS1005: ';' expected.
src/types/index.ts(32,68): error TS1136: Property assignment expected.
src/types/index.ts(32,98): error TS1005: ';' expected.
src/types/index.ts(32,120): error TS1005: ';' expected.
src/types/index.ts(32,136): error TS1005: ';' expected.
src/types/index.ts(32,166): error TS1005: ';' expected.
src/types/index.ts(32,173): error TS1128: Declaration or statement expected.
src/types/index.ts(32,174): error TS1109: Expression expected.
src/types/index.ts(32,178): error TS1005: ';' expected.
src/types/index.ts(32,191): error TS1161: Unterminated regular expression literal.
src/types/index.ts(33,23): error TS1005: ';' expected.
src/types/index.ts(33,46): error TS1005: ';' expected.
src/types/index.ts(33,74): error TS1005: ';' expected.
src/types/index.ts(33,81): error TS1136: Property assignment expected.
src/types/index.ts(33,131): error TS1005: ';' expected.
src/types/index.ts(33,153): error TS1005: ';' expected.
src/types/index.ts(33,169): error TS1005: ';' expected.
src/types/index.ts(33,189): error TS1128: Declaration or statement expected.
src/types/index.ts(33,190): error TS1109: Expression expected.
src/types/index.ts(33,196): error TS1005: ';' expected.
src/types/index.ts(33,200): error TS1161: Unterminated regular expression literal.
src/types/index.ts(34,14): error TS1161: Unterminated regular expression literal.
src/types/index.ts(35,11): error TS1128: Declaration or statement expected.
src/types/index.ts(35,13): error TS1128: Declaration or statement expected.
src/types/index.ts(36,14): error TS1110: Type expected.
src/types/index.ts(37,21): error TS1005: '>' expected.
src/types/index.ts(37,23): error TS1005: ')' expected.
src/types/index.ts(37,33): error TS1005: ';' expected.
src/types/index.ts(37,49): error TS1005: ';' expected.
src/types/index.ts(37,56): error TS1136: Property assignment expected.
src/types/index.ts(37,86): error TS1005: ';' expected.
src/types/index.ts(37,108): error TS1005: ';' expected.
src/types/index.ts(37,124): error TS1005: ';' expected.
src/types/index.ts(37,154): error TS1005: ';' expected.
src/types/index.ts(37,161): error TS1128: Declaration or statement expected.
src/types/index.ts(37,162): error TS1109: Expression expected.
src/types/index.ts(37,168): error TS1005: ';' expected.
src/types/index.ts(37,171): error TS1161: Unterminated regular expression literal.
src/types/index.ts(38,21): error TS1005: ';' expected.
src/types/index.ts(38,36): error TS1005: ';' expected.
src/types/index.ts(38,64): error TS1005: ';' expected.
src/types/index.ts(38,71): error TS1136: Property assignment expected.
src/types/index.ts(38,121): error TS1005: ';' expected.
src/types/index.ts(38,143): error TS1005: ';' expected.
src/types/index.ts(38,159): error TS1005: ';' expected.
src/types/index.ts(38,179): error TS1128: Declaration or statement expected.
src/types/index.ts(38,180): error TS1109: Expression expected.
src/types/index.ts(38,190): error TS1161: Unterminated regular expression literal.
src/types/index.ts(39,14): error TS1161: Unterminated regular expression literal.
src/types/index.ts(40,11): error TS1128: Declaration or statement expected.
src/types/index.ts(40,12): error TS1128: Declaration or statement expected.
src/types/index.ts(41,10): error TS1110: Type expected.
src/types/index.ts(42,8): error TS1161: Unterminated regular expression literal.
src/types/index.ts(45,12): error TS1005: '>' expected.
src/types/index.ts(45,21): error TS1005: ';' expected.
src/types/index.ts(48,14): error TS1005: ';' expected.
src/types/index.ts(49,16): error TS1005: '>' expected.
src/types/index.ts(49,25): error TS1005: ';' expected.
src/types/index.ts(50,18): error TS1005: '>' expected.
src/types/index.ts(50,27): error TS1005: ';' expected.
src/types/index.ts(50,44): error TS1005: ';' expected.
src/types/index.ts(50,51): error TS1136: Property assignment expected.
src/types/index.ts(50,82): error TS1005: ';' expected.
src/types/index.ts(50,124): error TS1005: ';' expected.
src/types/index.ts(50,143): error TS1005: ';' expected.
src/types/index.ts(50,168): error TS1005: ';' expected.
src/types/index.ts(50,201): error TS1005: ';' expected.
src/types/index.ts(50,220): error TS1005: ';' expected.
src/types/index.ts(50,243): error TS1005: ';' expected.
src/types/index.ts(50,266): error TS1005: ';' expected.
src/types/index.ts(50,287): error TS1005: ';' expected.
src/types/index.ts(50,318): error TS1128: Declaration or statement expected.
src/types/index.ts(50,319): error TS1109: Expression expected.
src/types/index.ts(51,15): error TS1127: Invalid character.
src/types/index.ts(51,17): error TS1435: Unknown keyword or identifier. Did you mean 'global'?
src/types/index.ts(51,24): error TS1434: Unexpected keyword or identifier.
src/types/index.ts(52,14): error TS1161: Unterminated regular expression literal.
src/types/index.ts(53,17): error TS1005: ';' expected.
src/types/index.ts(53,46): error TS1005: ';' expected.
src/types/index.ts(53,53): error TS1136: Property assignment expected.
src/types/index.ts(55,25): error TS1005: ';' expected.
src/types/index.ts(56,25): error TS1005: ';' expected.
src/types/index.ts(57,35): error TS1005: ';' expected.
src/types/index.ts(58,34): error TS1005: ';' expected.
src/types/index.ts(59,21): error TS1005: ';' expected.
src/types/index.ts(60,14): error TS1128: Declaration or statement expected.
src/types/index.ts(60,15): error TS1109: Expression expected.
src/types/index.ts(61,26): error TS1005: ';' expected.
src/types/index.ts(61,40): error TS1109: Expression expected.
src/types/index.ts(61,41): error TS1109: Expression expected.
src/types/index.ts(61,49): error TS1005: ';' expected.
src/types/index.ts(62,14): error TS1161: Unterminated regular expression literal.
src/types/index.ts(63,16): error TS1005: ';' expected.
src/types/index.ts(63,49): error TS1005: ';' expected.
src/types/index.ts(63,56): error TS1136: Property assignment expected.
src/types/index.ts(63,86): error TS1005: ';' expected.
src/types/index.ts(63,102): error TS1005: ';' expected.
src/types/index.ts(63,114): error TS1128: Declaration or statement expected.
src/types/index.ts(63,115): error TS1109: Expression expected.
src/types/index.ts(64,23): error TS1005: ';' expected.
src/types/index.ts(64,28): error TS1434: Unexpected keyword or identifier.
src/types/index.ts(64,35): error TS1434: Unexpected keyword or identifier.
src/types/index.ts(64,46): error TS1005: '(' expected.
src/types/index.ts(64,50): error TS1005: ')' expected.
src/types/index.ts(64,67): error TS1005: ';' expected.
src/types/index.ts(64,97): error TS1005: ';' expected.
src/types/index.ts(64,123): error TS1005: ';' expected.
src/types/index.ts(64,129): error TS1161: Unterminated regular expression literal.
src/types/index.ts(65,14): error TS1161: Unterminated regular expression literal.
src/types/index.ts(66,18): error TS1005: ';' expected.
src/types/index.ts(66,25): error TS1136: Property assignment expected.
src/types/index.ts(66,55): error TS1005: ';' expected.
src/types/index.ts(66,68): error TS1005: ';' expected.
src/types/index.ts(66,94): error TS1005: ';' expected.
src/types/index.ts(66,106): error TS1128: Declaration or statement expected.
src/types/index.ts(66,107): error TS1109: Expression expected.
src/types/index.ts(67,22): error TS1005: '>' expected.
src/types/index.ts(67,24): error TS1005: ';' expected.
src/types/index.ts(67,80): error TS1005: ';' expected.
src/types/index.ts(67,87): error TS1136: Property assignment expected.
src/types/index.ts(69,23): error TS1005: ';' expected.
src/types/index.ts(70,30): error TS1005: ';' expected.
src/types/index.ts(71,25): error TS1005: ';' expected.
src/types/index.ts(72,26): error TS1005: ';' expected.
src/types/index.ts(73,28): error TS1005: ';' expected.
src/types/index.ts(74,27): error TS1005: ';' expected.
src/types/index.ts(75,24): error TS1005: ';' expected.
src/types/index.ts(76,28): error TS1005: ';' expected.
src/types/index.ts(77,23): error TS1005: ';' expected.
src/types/index.ts(78,27): error TS1005: ';' expected.
src/types/index.ts(79,25): error TS1005: ';' expected.
src/types/index.ts(80,28): error TS1005: ';' expected.
src/types/index.ts(81,32): error TS1005: ';' expected.
src/types/index.ts(82,17): error TS1128: Declaration or statement expected.
src/types/index.ts(82,18): error TS1109: Expression expected.
src/types/index.ts(83,26): error TS1005: ',' expected.
src/types/index.ts(84,17): error TS1161: Unterminated regular expression literal.
src/types/index.ts(85,14): error TS1161: Unterminated regular expression literal.
src/types/index.ts(86,12): error TS1161: Unterminated regular expression literal.
src/types/index.ts(88,16): error TS1005: ';' expected.
src/types/index.ts(89,18): error TS1005: '>' expected.
src/types/index.ts(89,27): error TS1005: ';' expected.
src/types/index.ts(89,47): error TS1005: ';' expected.
src/types/index.ts(89,54): error TS1136: Property assignment expected.
src/types/index.ts(89,85): error TS1005: ';' expected.
src/types/index.ts(89,105): error TS1005: ';' expected.
src/types/index.ts(89,131): error TS1005: ';' expected.
src/types/index.ts(89,154): error TS1005: ';' expected.
src/types/index.ts(89,172): error TS1005: ';' expected.
src/types/index.ts(89,192): error TS1005: ';' expected.
src/types/index.ts(89,218): error TS1005: ';' expected.
src/types/index.ts(89,233): error TS1005: ';' expected.
src/types/index.ts(89,249): error TS1005: ';' expected.
src/types/index.ts(89,259): error TS1128: Declaration or statement expected.
src/types/index.ts(89,260): error TS1109: Expression expected.
src/types/index.ts(92,21): error TS1005: ';' expected.
src/types/index.ts(92,28): error TS1136: Property assignment expected.
src/types/index.ts(92,55): error TS1005: ';' expected.
src/types/index.ts(92,68): error TS1005: ';' expected.
src/types/index.ts(92,86): error TS1005: ';' expected.
src/types/index.ts(92,118): error TS1005: ';' expected.
src/types/index.ts(92,134): error TS1005: ';' expected.
src/types/index.ts(92,154): error TS1005: ';' expected.
src/types/index.ts(92,238): error TS1005: ';' expected.
src/types/index.ts(92,282): error TS1005: ';' expected.
src/types/index.ts(92,287): error TS1128: Declaration or statement expected.
src/types/index.ts(92,288): error TS1109: Expression expected.
src/types/index.ts(92,290): error TS1110: Type expected.
src/types/index.ts(95,22): error TS1005: '>' expected.
src/types/index.ts(95,35): error TS1005: ';' expected.
src/types/index.ts(95,58): error TS1005: ':' expected.
src/types/index.ts(95,60): error TS1005: ';' expected.
src/types/index.ts(95,77): error TS1005: ':' expected.
src/types/index.ts(95,79): error TS1005: ';' expected.
src/types/index.ts(95,90): error TS1005: ':' expected.
src/types/index.ts(95,92): error TS1005: ';' expected.
src/types/index.ts(95,113): error TS1005: ':' expected.
src/types/index.ts(95,115): error TS1005: ';' expected.
src/types/index.ts(95,122): error TS1136: Property assignment expected.
src/types/index.ts(95,147): error TS1005: ';' expected.
src/types/index.ts(95,164): error TS1005: ';' expected.
src/types/index.ts(95,179): error TS1005: ';' expected.
src/types/index.ts(95,214): error TS1128: Declaration or statement expected.
src/types/index.ts(95,215): error TS1109: Expression expected.
src/types/index.ts(96,23): error TS1005: '>' expected.
src/types/index.ts(96,28): error TS1005: ';' expected.
src/types/index.ts(96,59): error TS1005: ';' expected.
src/types/index.ts(96,70): error TS1109: Expression expected.
src/types/index.ts(99,25): error TS1005: ';' expected.
src/types/index.ts(99,32): error TS1136: Property assignment expected.
src/types/index.ts(99,85): error TS1005: ';' expected.
src/types/index.ts(99,113): error TS1005: ';' expected.
src/types/index.ts(99,129): error TS1005: ';' expected.
src/types/index.ts(99,174): error TS1005: ';' expected.
src/types/index.ts(99,193): error TS1005: ';' expected.
src/types/index.ts(99,275): error TS1005: ';' expected.
src/types/index.ts(99,298): error TS1005: ';' expected.
src/types/index.ts(99,317): error TS1128: Declaration or statement expected.
src/types/index.ts(101,27): error TS1005: '>' expected.
src/types/index.ts(101,32): error TS1005: ';' expected.
src/types/index.ts(101,67): error TS1005: ';' expected.
src/types/index.ts(101,96): error TS1005: ';' expected.
src/types/index.ts(101,120): error TS1005: ';' expected.
src/types/index.ts(101,170): error TS1005: ';' expected.
src/types/index.ts(101,192): error TS1005: ';' expected.
src/types/index.ts(101,205): error TS1109: Expression expected.
src/types/index.ts(102,30): error TS1005: '>' expected.
src/types/index.ts(102,35): error TS1005: ';' expected.
src/types/index.ts(102,64): error TS1005: ';' expected.
src/types/index.ts(102,79): error TS1005: ';' expected.
src/types/index.ts(102,92): error TS1109: Expression expected.
src/types/index.ts(102,101): error TS1005: ';' expected.
src/types/index.ts(102,109): error TS1005: '>' expected.
src/types/index.ts(102,114): error TS1005: ';' expected.
src/types/index.ts(102,137): error TS1109: Expression expected.
src/types/index.ts(102,145): error TS1351: An identifier or keyword cannot immediately follow a numeric literal.
src/types/index.ts(103,30): error TS1005: '>' expected.
src/types/index.ts(103,39): error TS1005: ';' expected.
src/types/index.ts(103,54): error TS1005: ';' expected.
src/types/index.ts(103,61): error TS1136: Property assignment expected.
src/types/index.ts(103,108): error TS1005: ';' expected.
src/types/index.ts(103,128): error TS1005: ';' expected.
src/types/index.ts(103,159): error TS1005: ';' expected.
src/types/index.ts(103,178): error TS1005: ';' expected.
src/types/index.ts(103,201): error TS1005: ';' expected.
src/types/index.ts(103,211): error TS1128: Declaration or statement expected.
src/types/index.ts(103,212): error TS1109: Expression expected.
src/types/index.ts(103,216): error TS1005: ';' expected.
src/types/index.ts(103,224): error TS1161: Unterminated regular expression literal.
src/types/index.ts(104,23): error TS1161: Unterminated regular expression literal.
src/types/index.ts(106,27): error TS1005: ';' expected.
src/types/index.ts(106,34): error TS1136: Property assignment expected.
src/types/index.ts(106,66): error TS1005: ';' expected.
src/types/index.ts(106,81): error TS1005: ';' expected.
src/types/index.ts(106,93): error TS1128: Declaration or statement expected.
src/types/index.ts(106,94): error TS1109: Expression expected.
src/types/index.ts(108,29): error TS1005: ';' expected.
src/types/index.ts(108,36): error TS1136: Property assignment expected.
src/types/index.ts(108,71): error TS1005: ';' expected.
src/types/index.ts(108,81): error TS1128: Declaration or statement expected.
src/types/index.ts(108,82): error TS1109: Expression expected.
src/types/index.ts(109,31): error TS1005: '>' expected.
src/types/index.ts(109,36): error TS1005: ';' expected.
src/types/index.ts(109,66): error TS1005: ';' expected.
src/types/index.ts(109,78): error TS1005: ';' expected.
src/types/index.ts(109,93): error TS1005: ';' expected.
src/types/index.ts(109,107): error TS1005: ';' expected.
src/types/index.ts(109,126): error TS1005: ';' expected.
src/types/index.ts(109,199): error TS1109: Expression expected.
src/types/index.ts(109,201): error TS1110: Type expected.
src/types/index.ts(111,31): error TS1005: ';' expected.
src/types/index.ts(111,38): error TS1136: Property assignment expected.
src/types/index.ts(111,72): error TS1005: ';' expected.
src/types/index.ts(111,86): error TS1128: Declaration or statement expected.
src/types/index.ts(112,33): error TS1005: '>' expected.
src/types/index.ts(112,38): error TS1005: ';' expected.
src/types/index.ts(112,68): error TS1005: ';' expected.
src/types/index.ts(112,82): error TS1005: ';' expected.
src/types/index.ts(112,96): error TS1005: ';' expected.
src/types/index.ts(112,112): error TS1005: ';' expected.
src/types/index.ts(112,134): error TS1005: ';' expected.
src/types/index.ts(112,153): error TS1005: ';' expected.
src/types/index.ts(112,172): error TS1005: ';' expected.
src/types/index.ts(112,204): error TS1005: ';' expected.
src/types/index.ts(112,227): error TS1109: Expression expected.
src/types/index.ts(112,229): error TS1110: Type expected.
src/types/index.ts(113,32): error TS1005: ';' expected.
src/types/index.ts(113,39): error TS1136: Property assignment expected.
src/types/index.ts(113,64): error TS1005: ';' expected.
src/types/index.ts(113,89): error TS1005: ';' expected.
src/types/index.ts(113,101): error TS1128: Declaration or statement expected.
src/types/index.ts(113,102): error TS1109: Expression expected.
src/types/index.ts(113,111): error TS1005: ';' expected.
src/types/index.ts(113,121): error TS1161: Unterminated regular expression literal.
src/types/index.ts(114,31): error TS1005: ';' expected.
src/types/index.ts(114,38): error TS1136: Property assignment expected.
src/types/index.ts(114,66): error TS1005: ';' expected.
src/types/index.ts(114,78): error TS1128: Declaration or statement expected.
src/types/index.ts(114,79): error TS1109: Expression expected.
src/types/index.ts(114,82): error TS1005: ';' expected.
src/types/index.ts(114,86): error TS1005: ';' expected.
src/types/index.ts(114,89): error TS1127: Invalid character.
src/types/index.ts(114,91): error TS1434: Unexpected keyword or identifier.
src/types/index.ts(114,104): error TS1434: Unexpected keyword or identifier.
src/types/index.ts(114,117): error TS1161: Unterminated regular expression literal.
src/types/index.ts(115,27): error TS1161: Unterminated regular expression literal.
src/types/index.ts(117,31): error TS1005: ';' expected.
src/types/index.ts(117,38): error TS1136: Property assignment expected.
src/types/index.ts(117,62): error TS1128: Declaration or statement expected.
src/types/index.ts(118,33): error TS1005: '>' expected.
src/types/index.ts(118,38): error TS1005: ';' expected.
src/types/index.ts(118,68): error TS1005: ';' expected.
src/types/index.ts(118,82): error TS1005: ';' expected.
src/types/index.ts(118,96): error TS1005: ';' expected.
src/types/index.ts(118,112): error TS1005: ';' expected.
src/types/index.ts(118,134): error TS1005: ';' expected.
src/types/index.ts(118,153): error TS1005: ';' expected.
src/types/index.ts(118,172): error TS1005: ';' expected.
src/types/index.ts(118,210): error TS1109: Expression expected.
src/types/index.ts(118,212): error TS1110: Type expected.
src/types/index.ts(119,32): error TS1005: ';' expected.
src/types/index.ts(119,39): error TS1136: Property assignment expected.
src/types/index.ts(119,64): error TS1005: ';' expected.
src/types/index.ts(119,89): error TS1005: ';' expected.
src/types/index.ts(119,101): error TS1128: Declaration or statement expected.
src/types/index.ts(119,102): error TS1109: Expression expected.
src/types/index.ts(119,113): error TS1005: ';' expected.
src/types/index.ts(119,122): error TS1161: Unterminated regular expression literal.
src/types/index.ts(120,31): error TS1005: ';' expected.
src/types/index.ts(120,38): error TS1136: Property assignment expected.
src/types/index.ts(120,66): error TS1005: ';' expected.
src/types/index.ts(120,78): error TS1128: Declaration or statement expected.
src/types/index.ts(120,79): error TS1109: Expression expected.
src/types/index.ts(120,81): error TS1005: ';' expected.
src/types/index.ts(120,85): error TS1005: ';' expected.
src/types/index.ts(120,88): error TS1127: Invalid character.
src/types/index.ts(120,90): error TS1434: Unexpected keyword or identifier.
src/types/index.ts(120,111): error TS1161: Unterminated regular expression literal.
src/types/index.ts(121,27): error TS1161: Unterminated regular expression literal.
src/types/index.ts(122,25): error TS1161: Unterminated regular expression literal.
src/types/index.ts(123,23): error TS1161: Unterminated regular expression literal.
src/types/index.ts(125,21): error TS1161: Unterminated regular expression literal.
src/types/index.ts(128,25): error TS1005: '>' expected.
src/types/index.ts(128,30): error TS1005: ';' expected.
src/types/index.ts(128,59): error TS1005: ';' expected.
src/types/index.ts(128,75): error TS1005: ';' expected.
src/types/index.ts(128,96): error TS1005: ';' expected.
src/types/index.ts(128,140): error TS1005: ';' expected.
src/types/index.ts(128,162): error TS1005: ';' expected.
src/types/index.ts(128,208): error TS1005: ';' expected.
src/types/index.ts(128,237): error TS1005: ';' expected.
src/types/index.ts(128,254): error TS1005: ';' expected.
src/types/index.ts(128,274): error TS1005: ';' expected.
src/types/index.ts(128,289): error TS1005: ';' expected.
src/types/index.ts(128,310): error TS1005: ';' expected.
src/types/index.ts(129,27): error TS1005: '>' expected.
src/types/index.ts(129,32): error TS1005: ';' expected.
src/types/index.ts(129,56): error TS1005: ';' expected.
src/types/index.ts(129,77): error TS1005: ';' expected.
src/types/index.ts(129,96): error TS1005: ';' expected.
src/types/index.ts(129,118): error TS1005: ';' expected.
src/types/index.ts(129,141): error TS1109: Expression expected.
src/types/index.ts(129,143): error TS1110: Type expected.
src/types/index.ts(130,28): error TS1005: ';' expected.
src/types/index.ts(130,35): error TS1136: Property assignment expected.
src/types/index.ts(130,60): error TS1005: ';' expected.
src/types/index.ts(130,82): error TS1005: ';' expected.
src/types/index.ts(130,89): error TS1128: Declaration or statement expected.
src/types/index.ts(130,90): error TS1109: Expression expected.
src/types/index.ts(130,105): error TS1161: Unterminated regular expression literal.
src/types/index.ts(131,21): error TS1161: Unterminated regular expression literal.
src/types/index.ts(134,25): error TS1005: '>' expected.
src/types/index.ts(134,30): error TS1005: ';' expected.
src/types/index.ts(134,62): error TS1005: ';' expected.
src/types/index.ts(134,77): error TS1005: ';' expected.
src/types/index.ts(134,98): error TS1005: ';' expected.
src/types/index.ts(134,142): error TS1005: ';' expected.
src/types/index.ts(134,164): error TS1005: ';' expected.
src/types/index.ts(134,210): error TS1005: ';' expected.
src/types/index.ts(134,239): error TS1005: ';' expected.
src/types/index.ts(134,256): error TS1005: ';' expected.
src/types/index.ts(134,276): error TS1005: ';' expected.
src/types/index.ts(134,291): error TS1005: ';' expected.
src/types/index.ts(134,312): error TS1005: ';' expected.
src/types/index.ts(135,28): error TS1005: '>' expected.
src/types/index.ts(135,33): error TS1005: ';' expected.
src/types/index.ts(135,63): error TS1005: ';' expected.
src/types/index.ts(135,85): error TS1005: ';' expected.
src/types/index.ts(135,93): error TS1109: Expression expected.
src/types/index.ts(135,97): error TS1161: Unterminated regular expression literal.
src/types/index.ts(136,28): error TS1005: ';' expected.
src/types/index.ts(136,35): error TS1136: Property assignment expected.
src/types/index.ts(136,60): error TS1005: ';' expected.
src/types/index.ts(136,82): error TS1005: ';' expected.
src/types/index.ts(136,89): error TS1128: Declaration or statement expected.
src/types/index.ts(136,90): error TS1109: Expression expected.
src/types/index.ts(136,98): error TS1005: ';' expected.
src/types/index.ts(136,105): error TS1161: Unterminated regular expression literal.
src/types/index.ts(137,21): error TS1161: Unterminated regular expression literal.
src/types/index.ts(139,19): error TS1161: Unterminated regular expression literal.
src/types/index.ts(140,17): error TS1161: Unterminated regular expression literal.
src/types/index.ts(142,14): error TS1161: Unterminated regular expression literal.
src/types/index.ts(143,12): error TS1161: Unterminated regular expression literal.
src/types/index.ts(144,10): error TS1161: Unterminated regular expression literal.
src/types/index.ts(147,14): error TS1005: '>' expected.
src/types/index.ts(147,23): error TS1005: ';' expected.
src/types/index.ts(147,51): error TS1005: ';' expected.
src/types/index.ts(147,58): error TS1136: Property assignment expected.
src/types/index.ts(147,90): error TS1005: ';' expected.
src/types/index.ts(147,102): error TS1128: Declaration or statement expected.
src/types/index.ts(147,103): error TS1109: Expression expected.
src/types/index.ts(149,16): error TS1005: ';' expected.
src/types/index.ts(149,23): error TS1136: Property assignment expected.
src/types/index.ts(149,50): error TS1005: ';' expected.
src/types/index.ts(149,64): error TS1005: ';' expected.
src/types/index.ts(149,79): error TS1005: ';' expected.
src/types/index.ts(149,96): error TS1005: ';' expected.
src/types/index.ts(149,117): error TS1005: ';' expected.
src/types/index.ts(149,198): error TS1005: ';' expected.
src/types/index.ts(149,220): error TS1005: ';' expected.
src/types/index.ts(149,225): error TS1128: Declaration or statement expected.
src/types/index.ts(149,226): error TS1109: Expression expected.
src/types/index.ts(149,228): error TS1110: Type expected.
src/types/index.ts(150,16): error TS1005: ';' expected.
src/types/index.ts(150,23): error TS1136: Property assignment expected.
src/types/index.ts(150,53): error TS1005: ';' expected.
src/types/index.ts(150,68): error TS1005: ';' expected.
src/types/index.ts(150,83): error TS1005: ';' expected.
src/types/index.ts(150,100): error TS1005: ';' expected.
src/types/index.ts(150,121): error TS1005: ';' expected.
src/types/index.ts(150,202): error TS1005: ';' expected.
src/types/index.ts(150,224): error TS1005: ';' expected.
src/types/index.ts(150,229): error TS1128: Declaration or statement expected.
src/types/index.ts(150,230): error TS1109: Expression expected.
src/types/index.ts(150,232): error TS1110: Type expected.
src/types/index.ts(152,16): error TS1005: ';' expected.
src/types/index.ts(152,23): error TS1136: Property assignment expected.
src/types/index.ts(152,58): error TS1005: ';' expected.
src/types/index.ts(152,76): error TS1005: ';' expected.
src/types/index.ts(152,96): error TS1005: ';' expected.
src/types/index.ts(152,101): error TS1128: Declaration or statement expected.
src/types/index.ts(152,102): error TS1109: Expression expected.
src/types/index.ts(153,17): error TS1005: '>' expected.
src/types/index.ts(153,22): error TS1005: ';' expected.
src/types/index.ts(155,25): error TS1005: ';' expected.
src/types/index.ts(156,27): error TS1005: ';' expected.
src/types/index.ts(157,25): error TS1005: ';' expected.
src/types/index.ts(158,35): error TS1005: ';' expected.
src/types/index.ts(159,34): error TS1005: ';' expected.
src/types/index.ts(160,21): error TS1005: ';' expected.
src/types/index.ts(161,15): error TS1109: Expression expected.
src/types/index.ts(161,27): error TS1005: ';' expected.
src/types/index.ts(161,31): error TS1005: '(' expected.
src/types/index.ts(161,37): error TS1161: Unterminated regular expression literal.
src/types/index.ts(162,16): error TS1005: ';' expected.
src/types/index.ts(162,23): error TS1136: Property assignment expected.
src/types/index.ts(162,117): error TS1005: ')' expected.
src/types/index.ts(162,118): error TS1109: Expression expected.
src/types/index.ts(163,24): error TS1005: ';' expected.
src/types/index.ts(163,27): error TS1434: Unexpected keyword or identifier.
src/types/index.ts(163,34): error TS1434: Unexpected keyword or identifier.
src/types/index.ts(163,44): error TS1434: Unexpected keyword or identifier.
src/types/index.ts(163,47): error TS1434: Unexpected keyword or identifier.
src/types/index.ts(163,58): error TS1128: Declaration or statement expected.
src/types/index.ts(163,64): error TS1128: Declaration or statement expected.
src/types/index.ts(163,66): error TS1128: Declaration or statement expected.
src/types/index.ts(163,72): error TS1128: Declaration or statement expected.
src/types/index.ts(163,74): error TS1434: Unexpected keyword or identifier.
src/types/index.ts(163,78): error TS1434: Unexpected keyword or identifier.
src/types/index.ts(163,86): error TS1434: Unexpected keyword or identifier.
src/types/index.ts(163,96): error TS1434: Unexpected keyword or identifier.
src/types/index.ts(163,114): error TS1005: '(' expected.
src/types/index.ts(163,129): error TS1005: ')' expected.
src/types/index.ts(164,13): error TS1003: Identifier expected.
src/types/index.ts(164,14): error TS1161: Unterminated regular expression literal.
src/types/index.ts(165,12): error TS1161: Unterminated regular expression literal.
src/types/index.ts(167,16): error TS1005: ';' expected.
src/types/index.ts(167,47): error TS1005: ';' expected.
src/types/index.ts(167,54): error TS1136: Property assignment expected.
src/types/index.ts(167,84): error TS1005: ';' expected.
src/types/index.ts(167,89): error TS1128: Declaration or statement expected.
src/types/index.ts(167,90): error TS1109: Expression expected.
src/types/index.ts(168,19): error TS1005: '>' expected.
src/types/index.ts(168,32): error TS1005: ';' expected.
src/types/index.ts(168,55): error TS1005: ':' expected.
src/types/index.ts(168,57): error TS1005: ';' expected.
src/types/index.ts(168,90): error TS1005: ':' expected.
src/types/index.ts(168,92): error TS1005: ';' expected.
src/types/index.ts(168,113): error TS1005: ';' expected.
src/types/index.ts(168,130): error TS1005: ':' expected.
src/types/index.ts(168,132): error TS1005: ';' expected.
src/types/index.ts(168,143): error TS1005: ':' expected.
src/types/index.ts(169,20): error TS1005: '>' expected.
src/types/index.ts(169,29): error TS1005: ';' expected.
src/types/index.ts(169,51): error TS1005: ';' expected.
src/types/index.ts(169,58): error TS1136: Property assignment expected.
src/types/index.ts(169,158): error TS1005: ';' expected.
src/types/index.ts(169,206): error TS1005: ';' expected.
src/types/index.ts(169,280): error TS1128: Declaration or statement expected.
src/types/index.ts(169,281): error TS1109: Expression expected.
src/types/index.ts(170,22): error TS1005: '>' expected.
src/types/index.ts(170,31): error TS1005: ';' expected.
src/types/index.ts(170,53): error TS1005: ';' expected.
src/types/index.ts(170,60): error TS1136: Property assignment expected.
src/types/index.ts(170,163): error TS1005: ';' expected.
src/types/index.ts(170,201): error TS1005: ';' expected.
src/types/index.ts(170,239): error TS1128: Declaration or statement expected.
src/types/index.ts(170,240): error TS1109: Expression expected.
src/types/index.ts(170,241): error TS1127: Invalid character.
src/types/index.ts(170,243): error TS1127: Invalid character.
src/types/index.ts(170,245): error TS1110: Type expected.
src/types/index.ts(171,21): error TS1005: ';' expected.
src/types/index.ts(171,28): error TS1136: Property assignment expected.
src/types/index.ts(171,55): error TS1005: ';' expected.
src/types/index.ts(171,77): error TS1005: ';' expected.
src/types/index.ts(171,97): error TS1005: ';' expected.
src/types/index.ts(171,104): error TS1128: Declaration or statement expected.
src/types/index.ts(171,105): error TS1109: Expression expected.
src/types/index.ts(171,118): error TS1005: ';' expected.
src/types/index.ts(171,137): error TS1161: Unterminated regular expression literal.
src/types/index.ts(172,20): error TS1005: ';' expected.
src/types/index.ts(172,27): error TS1136: Property assignment expected.
src/types/index.ts(172,55): error TS1005: ';' expected.
src/types/index.ts(172,75): error TS1005: ';' expected.
src/types/index.ts(172,84): error TS1128: Declaration or statement expected.
src/types/index.ts(172,85): error TS1109: Expression expected.
src/types/index.ts(173,29): error TS1005: ';' expected.
src/types/index.ts(173,38): error TS1434: Unexpected keyword or identifier.
src/types/index.ts(173,42): error TS1434: Unexpected keyword or identifier.
src/types/index.ts(173,47): error TS1434: Unexpected keyword or identifier.
src/types/index.ts(173,57): error TS1434: Unexpected keyword or identifier.
src/types/index.ts(173,65): error TS1434: Unexpected keyword or identifier.
src/types/index.ts(173,71): error TS1434: Unexpected keyword or identifier.
src/types/index.ts(173,77): error TS1434: Unexpected keyword or identifier.
src/types/index.ts(173,90): error TS1005: ';' expected.
src/types/index.ts(173,113): error TS1005: ';' expected.
src/types/index.ts(173,127): error TS1005: ';' expected.
src/types/index.ts(173,135): error TS1434: Unexpected keyword or identifier.
src/types/index.ts(173,145): error TS1434: Unexpected keyword or identifier.
src/types/index.ts(173,148): error TS1434: Unexpected keyword or identifier.
src/types/index.ts(174,17): error TS1003: Identifier expected.
src/types/index.ts(174,18): error TS1161: Unterminated regular expression literal.
src/types/index.ts(175,16): error TS1161: Unterminated regular expression literal.
src/types/index.ts(176,14): error TS1161: Unterminated regular expression literal.
src/types/index.ts(178,19): error TS1005: ';' expected.
src/types/index.ts(178,36): error TS1005: ':' expected.
src/types/index.ts(178,38): error TS1005: ';' expected.
src/types/index.ts(178,55): error TS1005: ':' expected.
src/types/index.ts(178,57): error TS1005: ';' expected.
src/types/index.ts(178,90): error TS1005: ':' expected.
src/types/index.ts(178,92): error TS1005: ';' expected.
src/types/index.ts(178,113): error TS1005: ';' expected.
src/types/index.ts(178,130): error TS1005: ':' expected.
src/types/index.ts(178,132): error TS1005: ';' expected.
src/types/index.ts(178,143): error TS1005: ':' expected.
src/types/index.ts(179,20): error TS1005: '>' expected.
src/types/index.ts(179,29): error TS1005: ';' expected.
src/types/index.ts(179,51): error TS1005: ';' expected.
src/types/index.ts(179,58): error TS1136: Property assignment expected.
src/types/index.ts(179,158): error TS1005: ';' expected.
src/types/index.ts(179,206): error TS1005: ';' expected.
src/types/index.ts(179,280): error TS1128: Declaration or statement expected.
src/types/index.ts(179,281): error TS1109: Expression expected.
src/types/index.ts(180,22): error TS1005: '>' expected.
src/types/index.ts(180,31): error TS1005: ';' expected.
src/types/index.ts(180,53): error TS1005: ';' expected.
src/types/index.ts(180,60): error TS1136: Property assignment expected.
src/types/index.ts(180,163): error TS1005: ';' expected.
src/types/index.ts(180,201): error TS1005: ';' expected.
src/types/index.ts(180,239): error TS1128: Declaration or statement expected.
src/types/index.ts(180,240): error TS1109: Expression expected.
src/types/index.ts(180,241): error TS1127: Invalid character.
src/types/index.ts(180,244): error TS1110: Type expected.
src/types/index.ts(181,21): error TS1005: ';' expected.
src/types/index.ts(181,28): error TS1136: Property assignment expected.
src/types/index.ts(181,55): error TS1005: ';' expected.
src/types/index.ts(181,77): error TS1005: ';' expected.
src/types/index.ts(181,97): error TS1005: ';' expected.
src/types/index.ts(181,104): error TS1128: Declaration or statement expected.
src/types/index.ts(181,105): error TS1109: Expression expected.
src/types/index.ts(181,116): error TS1005: ';' expected.
src/types/index.ts(181,131): error TS1161: Unterminated regular expression literal.
src/types/index.ts(182,20): error TS1005: ';' expected.
src/types/index.ts(182,27): error TS1136: Property assignment expected.
src/types/index.ts(182,55): error TS1005: ';' expected.
src/types/index.ts(182,75): error TS1005: ';' expected.
src/types/index.ts(182,84): error TS1128: Declaration or statement expected.
src/types/index.ts(182,85): error TS1109: Expression expected.
src/types/index.ts(183,29): error TS1005: ';' expected.
src/types/index.ts(183,51): error TS1005: ';' expected.
src/types/index.ts(183,58): error TS1434: Unexpected keyword or identifier.
src/types/index.ts(183,71): error TS1434: Unexpected keyword or identifier.
src/types/index.ts(183,91): error TS1005: ';' expected.
src/types/index.ts(183,109): error TS1005: '(' expected.
src/types/index.ts(183,113): error TS1005: ')' expected.
src/types/index.ts(183,121): error TS1434: Unexpected keyword or identifier.
src/types/index.ts(183,132): error TS1005: '(' expected.
src/types/index.ts(183,140): error TS1005: ';' expected.
src/types/index.ts(183,152): error TS1005: ';' expected.
src/types/index.ts(184,17): error TS1003: Identifier expected.
src/types/index.ts(184,18): error TS1161: Unterminated regular expression literal.
src/types/index.ts(185,16): error TS1161: Unterminated regular expression literal.
src/types/index.ts(186,14): error TS1161: Unterminated regular expression literal.
src/types/index.ts(188,19): error TS1005: ')' expected.
src/types/index.ts(188,36): error TS1005: ':' expected.
src/types/index.ts(188,38): error TS1005: ';' expected.
src/types/index.ts(188,55): error TS1005: ':' expected.
src/types/index.ts(188,57): error TS1005: ';' expected.
src/types/index.ts(188,90): error TS1005: ':' expected.
src/types/index.ts(188,92): error TS1005: ';' expected.
src/types/index.ts(188,113): error TS1005: ';' expected.
src/types/index.ts(188,130): error TS1005: ':' expected.
src/types/index.ts(188,132): error TS1005: ';' expected.
src/types/index.ts(188,143): error TS1005: ':' expected.
src/types/index.ts(189,20): error TS1005: '>' expected.
src/types/index.ts(189,29): error TS1005: ';' expected.
src/types/index.ts(189,51): error TS1005: ';' expected.
src/types/index.ts(189,58): error TS1136: Property assignment expected.
src/types/index.ts(189,158): error TS1005: ';' expected.
src/types/index.ts(189,206): error TS1005: ';' expected.
src/types/index.ts(189,280): error TS1128: Declaration or statement expected.
src/types/index.ts(189,281): error TS1109: Expression expected.
src/types/index.ts(190,22): error TS1005: '>' expected.
src/types/index.ts(190,31): error TS1005: ';' expected.
src/types/index.ts(190,53): error TS1005: ';' expected.
src/types/index.ts(190,60): error TS1136: Property assignment expected.
src/types/index.ts(190,163): error TS1005: ';' expected.
src/types/index.ts(190,201): error TS1005: ';' expected.
src/types/index.ts(190,239): error TS1128: Declaration or statement expected.
src/types/index.ts(190,240): error TS1109: Expression expected.
src/types/index.ts(190,241): error TS1127: Invalid character.
src/types/index.ts(190,243): error TS1127: Invalid character.
src/types/index.ts(190,245): error TS1110: Type expected.
src/types/index.ts(191,21): error TS1005: ';' expected.
src/types/index.ts(191,28): error TS1136: Property assignment expected.
src/types/index.ts(191,55): error TS1005: ';' expected.
src/types/index.ts(191,77): error TS1005: ';' expected.
src/types/index.ts(191,97): error TS1005: ';' expected.
src/types/index.ts(191,104): error TS1128: Declaration or statement expected.
src/types/index.ts(191,105): error TS1109: Expression expected.
src/types/index.ts(191,120): error TS1005: ';' expected.
src/types/index.ts(191,133): error TS1161: Unterminated regular expression literal.
src/types/index.ts(192,20): error TS1005: ';' expected.
src/types/index.ts(192,27): error TS1136: Property assignment expected.
src/types/index.ts(192,55): error TS1005: ';' expected.
src/types/index.ts(192,75): error TS1005: ';' expected.
src/types/index.ts(192,84): error TS1128: Declaration or statement expected.
src/types/index.ts(192,85): error TS1109: Expression expected.
src/types/index.ts(193,25): error TS1005: ';' expected.
src/types/index.ts(193,45): error TS1005: ';' expected.
src/types/index.ts(193,57): error TS1005: ';' expected.
src/types/index.ts(193,75): error TS1005: ';' expected.
src/types/index.ts(193,78): error TS1434: Unexpected keyword or identifier.
src/types/index.ts(193,87): error TS1434: Unexpected keyword or identifier.
src/types/index.ts(193,94): error TS1434: Unexpected keyword or identifier.
src/types/index.ts(193,98): error TS1434: Unexpected keyword or identifier.
src/types/index.ts(193,113): error TS1005: ';' expected.
src/types/index.ts(193,136): error TS1005: ';' expected.
src/types/index.ts(194,17): error TS1003: Identifier expected.
src/types/index.ts(194,18): error TS1161: Unterminated regular expression literal.
src/types/index.ts(195,16): error TS1161: Unterminated regular expression literal.
src/types/index.ts(196,14): error TS1161: Unterminated regular expression literal.
src/types/index.ts(197,12): error TS1161: Unterminated regular expression literal.
src/types/index.ts(198,10): error TS1161: Unterminated regular expression literal.
src/types/index.ts(200,14): error TS1005: ';' expected.
src/types/index.ts(200,21): error TS1136: Property assignment expected.
src/types/index.ts(200,51): error TS1005: ';' expected.
src/types/index.ts(200,68): error TS1005: ';' expected.
src/types/index.ts(200,89): error TS1005: ';' expected.
src/types/index.ts(200,111): error TS1005: ';' expected.
src/types/index.ts(200,149): error TS1128: Declaration or statement expected.
src/types/index.ts(200,150): error TS1109: Expression expected.
src/types/index.ts(201,11): error TS1127: Invalid character.
src/types/index.ts(201,18): error TS1005: ';' expected.
src/types/index.ts(201,29): error TS1435: Unknown keyword or identifier. Did you mean 'global'?
src/types/index.ts(201,51): error TS1005: ';' expected.
src/types/index.ts(202,9): error TS1003: Identifier expected.
src/types/index.ts(202,10): error TS1161: Unterminated regular expression literal.
src/types/index.ts(203,8): error TS1161: Unterminated regular expression literal.
src/types/index.ts(204,6): error TS1161: Unterminated regular expression literal.
src/types/index.ts(205,3): error TS1128: Declaration or statement expected.
src/types/index.ts(206,1): error TS1128: Declaration or statement expected.
